[cosmiccat6652.wixsite.com/cosmic-cat.html]
[static.parastorage.com/unpkg/core-js-bundle@3.2.1/minified.js]
[static.parastorage.com/unpkg/focus-within-polyfill@5.0.9/dist/focus-within-polyfill.js]
[backblue.gif]
[fade.gif]
[index.html]
[polyfill.io/v3/polyfill.mind82c.js]
[browser.sentry-cdn.com/6.18.2/bundle.min.js]
[cosmiccat6652.wixsite.com/decodeURIComponent(e]
[cosmiccat6652.wixsite.com/sitemap.xml]
[cosmiccat6652.wixsite.com/feed.xml]
[static.parastorage.com/services/wix-thunderbolt/dist/bootstrap-features.335ddff9.bundle.min.js]
[static.parastorage.com/services/wix-thunderbolt/dist/main.fdf07b9f.bundle.min.js]
[static.parastorage.com/unpkg/lodash@4.17.21/lodash.min.js]
[static.parastorage.com/unpkg/react@16.14.0/umd/react.production.min.js]
[static.parastorage.com/services/tag-manager-client/1.427.0/siteTags.bundle.min.js]
[static.parastorage.com/services/wix-perf-measure/1.1042.0/wix-perf-measure.bundle.min.js]
[static.parastorage.com/unpkg/react-dom@16.14.0/umd/react-dom.production.min.js]
[cosmiccat6652.wixsite.com/da6c52cb.min.css]
[cosmiccat6652.wixsite.com/4da3e2b2.min.css]
[cosmiccat6652.wixsite.com/index.html]
[cosmiccat6652.wixsite.com/99a6a99f.min.css]
[cosmiccat6652.wixsite.com/48ba99d1.min.css]
[cosmiccat6652.wixsite.com/1a5725ae.chunk.min.js]
[cosmiccat6652.wixsite.com/16b3dc89.chunk.min.14.delayed]
[cosmiccat6652.wixsite.com/version/index.html]
[cosmiccat6652.wixsite.com/rb_wixui.thunderbolt_bootstrap-classic.cf3aa831.chunk.min.js]
[cosmiccat6652.wixsite.com/rb_wixui.thunderbolt_bootstrap.8a86afda.chunk.min.css]
[cosmiccat6652.wixsite.com/rb_wixui.thunderbolt_bootstrap.1a5725ae.chunk.min.js]
[cosmiccat6652.wixsite.com/rb_wixui.thunderbolt_bootstrap-responsive.f3ca696f.chunk.min.css]
[cosmiccat6652.wixsite.com/rb_wixui.thunderbolt_bootstrap-responsive.16b3dc89.chunk.min.js]
[static.wixstatic.com/media/125f63_3c08a29663904d9b8c292b63380382b1_mv2.png/v1/fill/w_60,h_60,al_c,q_85,usm_0.66_1.00_0.01,enc_auto/IMG_2068_PNG.png]
[static.wixstatic.com/media/125f63_38f842d8f3fd4f589f225b7c939c82f3_mv2.png/v1/fill/w_49,h_30,al_c,q_85,usm_0.66_1.00_0.01,blur_2,enc_auto/125f63_38f842d8f3fd4f589f225b7c939c82f3_mv2.png]
[cosmiccat6652.wixsite.com/cosmic-cat.html]
[cosmiccat6652.wixsite.com/decodeURIComponent(e.html]
[cosmiccat6652.wixsite.com/sitemap.html]
[cosmiccat6652.wixsite.com/feed.html]
[cosmiccat6652.wixsite.com/index.html]
[cosmiccat6652.wixsite.com/version/index.html]
[cosmiccat6652.wixsite.com/da6c52cb.min.html]
[cosmiccat6652.wixsite.com/4da3e2b2.min.html]
[cosmiccat6652.wixsite.com/99a6a99f.min.html]
[cosmiccat6652.wixsite.com/48ba99d1.min.html]
[cosmiccat6652.wixsite.com/1a5725ae.chunk.min.html]
[cosmiccat6652.wixsite.com/16b3dc89.chunk.min.html]
[cosmiccat6652.wixsite.com/rb_wixui.thunderbolt_bootstrap-classic.cf3aa831.chunk.min.html]
[cosmiccat6652.wixsite.com/rb_wixui.thunderbolt_bootstrap.8a86afda.chunk.min.html]
[cosmiccat6652.wixsite.com/rb_wixui.thunderbolt_bootstrap.1a5725ae.chunk.min.html]
[cosmiccat6652.wixsite.com/rb_wixui.thunderbolt_bootstrap-responsive.f3ca696f.chunk.min.html]
[cosmiccat6652.wixsite.com/rb_wixui.thunderbolt_bootstrap-responsive.16b3dc89.chunk.min.html]
